// Jest Snapshot v1, https://goo.gl/fbAQLP

exports[`Metrics SDK Integration Tests should make a request to a metrics backend with a har file 1`] = `
Object {
  "email": "owlbert@example.com",
  "id": "owlbert-api-key",
  "label": "Owlbert",
}
`;

exports[`Metrics SDK Integration Tests should make a request to a metrics backend with a har file 2`] = `
Object {
  "cache": Object {},
  "pageref": "http://localhost/",
  "request": Object {
    "bodySize": 0,
    "cookies": Array [],
    "headers": Array [
      Object {
        "name": "host",
        "value": "localhost",
      },
      Object {
        "name": "connection",
        "value": "close",
      },
    ],
    "headersSize": 0,
    "httpVersion": "HTTP/1.1",
    "method": "GET",
    "queryString": Array [],
    "url": "http://localhost",
  },
  "response": Object {
    "bodySize": 0,
    "content": Object {
      "mimeType": "application/json; charset=utf-8",
      "size": 25,
      "text": "{\\"message\\":\\"hello world\\"}",
    },
    "cookies": Array [],
    "headers": Array [
      Object {
        "name": "x-powered-by",
        "value": "Express",
      },
      Object {
        "name": "content-type",
        "value": "application/json; charset=utf-8",
      },
      Object {
        "name": "content-length",
        "value": "25",
      },
      Object {
        "name": "etag",
        "value": "W/\\"19-sk8ULQY45ndZU9lmLRGpc9jYWFo\\"",
      },
    ],
    "headersSize": 0,
    "httpVersion": "",
    "redirectURL": "",
    "status": 200,
    "statusText": "OK",
  },
}
`;
